Copyright 1986-2019 Xilinx, Inc. All Rights Reserved.
-----------------------------------------------------------------------------------------------
| Tool Version : Vivado v.2019.2 (win64) Build 2708876 Wed Nov  6 21:40:23 MST 2019
| Date         : Thu Sep 17 11:22:43 2026
| Host         : LAPTOP-DQ5VL70C running 64-bit major release  (build 9200)
| Command      : report_timing_summary -file E:/VivadoProject/Lab2/scripts/bd_synth_timing.rpt
| Design       : ees338_soc_wrapper
| Device       : 7a35t-csg324
| Speed File   : -1  PRODUCTION 1.23 2018-06-13
-----------------------------------------------------------------------------------------------

Timing Summary Report

------------------------------------------------------------------------------------------------
| Timer Settings
| --------------
------------------------------------------------------------------------------------------------

  Enable Multi Corner Analysis               :  Yes
  Enable Pessimism Removal                   :  Yes
  Pessimism Removal Resolution               :  Nearest Common Node
  Enable Input Delay Default Clock           :  No
  Enable Preset / Clear Arcs                 :  No
  Disable Flight Delays                      :  No
  Ignore I/O Paths                           :  No
  Timing Early Launch at Borrowing Latches   :  No
  Borrow Time for Max Delay Exceptions       :  Yes
  Merge Timing Exceptions                    :  Yes

  Corner  Analyze    Analyze    
  Name    Max Paths  Min Paths  
  ------  ---------  ---------  
  Slow    Yes        Yes        
  Fast    Yes        Yes        



check_timing report

Table of Contents
-----------------
1. checking no_clock
2. checking constant_clock
3. checking pulse_width_clock
4. checking unconstrained_internal_endpoints
5. checking no_input_delay
6. checking no_output_delay
7. checking multiple_clock
8. checking generated_clocks
9. checking loops
10. checking partial_input_delay
11. checking partial_output_delay
12. checking latch_loops

1. checking no_clock
--------------------
 There are 0 register/latch pins with no clock.


2. checking constant_clock
--------------------------
 There are 0 register/latch pins with constant_clock.


3. checking pulse_width_clock
-----------------------------
 There are 0 register/latch pins which need pulse_width check


4. checking unconstrained_internal_endpoints
--------------------------------------------
 There are 0 pins that are not constrained for maximum delay.

 There are 0 pins that are not constrained for maximum delay due to constant clock.


5. checking no_input_delay
--------------------------
 There are 3 input ports with no input delay specified. (HIGH)

 There are 0 input ports with no input delay but user has a false path constraint.


6. checking no_output_delay
---------------------------
 There are 39 ports with no output delay specified. (HIGH)

 There are 0 ports with no output delay but user has a false path constraint

 There are 0 ports with no output delay but with a timing clock defined on it or propagating through it


7. checking multiple_clock
--------------------------
 There are 0 register/latch pins with multiple clocks.


8. checking generated_clocks
----------------------------
 There are 0 generated clocks that are not connected to a clock source.


9. checking loops
-----------------
 There are 0 combinational loops in the design.


10. checking partial_input_delay
--------------------------------
 There are 0 input ports with partial input delay specified.


11. checking partial_output_delay
---------------------------------
 There are 0 ports with partial output delay specified.


12. checking latch_loops
------------------------
 There are 0 combinational latch loops in the design through latch input



------------------------------------------------------------------------------------------------
| Design Timing Summary
| ---------------------
------------------------------------------------------------------------------------------------

    WNS(ns)      TNS(ns)  TNS Failing Endpoints  TNS Total Endpoints      WHS(ns)      THS(ns)  THS Failing Endpoints  THS Total Endpoints     WPWS(ns)     TPWS(ns)  TPWS Failing Endpoints  TPWS Total Endpoints  
    -------      -------  ---------------------  -------------------      -------      -------  ---------------------  -------------------     --------     --------  ----------------------  --------------------  
      0.899        0.000                      0                 8841        0.007        0.000                      0                 8841        3.000        0.000                       0                  1745  


All user specified timing constraints are met.


------------------------------------------------------------------------------------------------
| Clock Summary
| -------------
------------------------------------------------------------------------------------------------

Clock                              Waveform(ns)       Period(ns)      Frequency(MHz)
-----                              ------------       ----------      --------------
sys_clk                            {0.000 5.000}      10.000          100.000         
  clk_out1_ees338_soc_clk_wiz_0_0  {0.000 10.000}     20.000          50.000          
  clkfbout_ees338_soc_clk_wiz_0_0  {0.000 5.000}      10.000          100.000         


------------------------------------------------------------------------------------------------
| Intra Clock Table
| -----------------
------------------------------------------------------------------------------------------------

Clock                                  WNS(ns)      TNS(ns)  TNS Failing Endpoints  TNS Total Endpoints      WHS(ns)      THS(ns)  THS Failing Endpoints  THS Total Endpoints     WPWS(ns)     TPWS(ns)  TPWS Failing Endpoints  TPWS Total Endpoints  
-----                                  -------      -------  ---------------------  -------------------      -------      -------  ---------------------  -------------------     --------     --------  ----------------------  --------------------  
sys_clk                                                                                                                                                                              3.000        0.000                       0                     1  
  clk_out1_ees338_soc_clk_wiz_0_0        0.899        0.000                      0                 8841        0.007        0.000                      0                 8841        8.750        0.000                       0                  1741  
  clkfbout_ees338_soc_clk_wiz_0_0                                                                                                                                                    7.845        0.000                       0                     3  


------------------------------------------------------------------------------------------------
| Inter Clock Table
| -----------------
------------------------------------------------------------------------------------------------

From Clock    To Clock          WNS(ns)      TNS(ns)  TNS Failing Endpoints  TNS Total Endpoints      WHS(ns)      THS(ns)  THS Failing Endpoints  THS Total Endpoints  
----------    --------          -------      -------  ---------------------  -------------------      -------      -------  ---------------------  -------------------  


------------------------------------------------------------------------------------------------
| Other Path Groups Table
| -----------------------
------------------------------------------------------------------------------------------------

Path Group    From Clock    To Clock          WNS(ns)      TNS(ns)  TNS Failing Endpoints  TNS Total Endpoints      WHS(ns)      THS(ns)  THS Failing Endpoints  THS Total Endpoints  
----------    ----------    --------          -------      -------  ---------------------  -------------------      -------      -------  ---------------------  -------------------  


------------------------------------------------------------------------------------------------
| Timing Details
| --------------
------------------------------------------------------------------------------------------------


---------------------------------------------------------------------------------------------------
From Clock:  sys_clk
  To Clock:  sys_clk

Setup :           NA  Failing Endpoints,  Worst Slack           NA  ,  Total Violation           NA
Hold  :           NA  Failing Endpoints,  Worst Slack           NA  ,  Total Violation           NA
PW    :            0  Failing Endpoints,  Worst Slack        3.000ns,  Total Violation        0.000ns
---------------------------------------------------------------------------------------------------


Pulse Width Checks
--------------------------------------------------------------------------------------
Clock Name:         sys_clk
Waveform(ns):       { 0.000 5.000 }
Period(ns):         10.000
Sources:            { sys_clk }

Check Type        Corner  Lib Pin            Reference Pin  Required(ns)  Actual(ns)  Slack(ns)  Location  Pin
Min Period        n/a     MMCME2_ADV/CLKIN1  n/a            1.249         10.000      8.751                ees338_soc_i/clk_wiz_0/inst/mmcm_adv_inst/CLKIN1
Max Period        n/a     MMCME2_ADV/CLKIN1  n/a            100.000       10.000      90.000               ees338_soc_i/clk_wiz_0/inst/mmcm_adv_inst/CLKIN1
Low Pulse Width   Slow    MMCME2_ADV/CLKIN1  n/a            2.000         5.000       3.000                ees338_soc_i/clk_wiz_0/inst/mmcm_adv_inst/CLKIN1
High Pulse Width  Slow    MMCME2_ADV/CLKIN1  n/a            2.000         5.000       3.000                ees338_soc_i/clk_wiz_0/inst/mmcm_adv_inst/CLKIN1



---------------------------------------------------------------------------------------------------
From Clock:  clk_out1_ees338_soc_clk_wiz_0_0
  To Clock:  clk_out1_ees338_soc_clk_wiz_0_0

Setup :            0  Failing Endpoints,  Worst Slack        0.899ns,  Total Violation        0.000ns
Hold  :            0  Failing Endpoints,  Worst Slack        0.007ns,  Total Violation        0.000ns
PW    :            0  Failing Endpoints,  Worst Slack        8.750ns,  Total Violation        0.000ns
---------------------------------------------------------------------------------------------------


Max Delay Paths
--------------------------------------------------------------------------------------
Slack (MET) :             0.899ns  (required time - arrival time)
  Source:                 ees338_soc_i/soc_0/inst/cpu_inst/ex_mem_rd_r_reg[2]/C
                            (rising edge-triggered cell FDRE clocked by clk_out1_ees338_soc_clk_wiz_0_0  {rise@0.000ns fall@10.000ns period=20.000ns})
  Destination:            ees338_soc_i/soc_0/inst/cpu_inst/flag_reg_inst/of_count_reg[29]/D
                            (rising edge-triggered cell FDRE clocked by clk_out1_ees338_soc_clk_wiz_0_0  {rise@0.000ns fall@10.000ns period=20.000ns})
  Path Group:             clk_out1_ees338_soc_clk_wiz_0_0
  Path Type:              Setup (Max at Slow Process Corner)
  Requirement:            20.000ns  (clk_out1_ees338_soc_clk_wiz_0_0 rise@20.000ns - clk_out1_ees338_soc_clk_wiz_0_0 rise@0.000ns)
  Data Path Delay:        18.934ns  (logic 11.593ns (61.227%)  route 7.341ns (38.773%))
  Logic Levels:           31  (CARRY4=20 DSP48E1=2 LUT2=2 LUT3=1 LUT4=1 LUT5=1 LUT6=4)
  Clock Path Skew:        -0.145ns (DCD - SCD + CPR)
    Destination Clock Delay (DCD):    -2.234ns = ( 17.766 - 20.000 ) 
    Source Clock Delay      (SCD):    -1.558ns
    Clock Pessimism Removal (CPR):    0.531ns
  Clock Uncertainty:      0.084ns  ((TSJ^2 + DJ^2)^1/2) / 2 + PE
    Total System Jitter     (TSJ):    0.071ns
    Discrete Jitter          (DJ):    0.152ns
    Phase Error              (PE):    0.000ns

    Location             Delay type                Incr(ns)  Path(ns)    Netlist Resource(s)
  -------------------------------------------------------------------    -------------------
                         (clock clk_out1_ees338_soc_clk_wiz_0_0 rise edge)
                                                      0.000     0.000 r  
    T5                                                0.000     0.000 r  sys_clk (IN)
                         net (fo=0)                   0.000     0.000    ees338_soc_i/clk_wiz_0/inst/clk_in1
    T5                   IBUF (Prop_ibuf_I_O)         1.486     1.486 r  ees338_soc_i/clk_wiz_0/inst/clkin1_ibufg/O
                         net (fo=1, unplaced)         0.584     2.070    ees338_soc_i/clk_wiz_0/inst/clk_in1_ees338_soc_clk_wiz_0_0
                         MMCME2_ADV (Prop_mmcme2_adv_CLKIN1_CLKOUT0)
                                                     -5.108    -3.038 r  ees338_soc_i/clk_wiz_0/inst/mmcm_adv_inst/CLKOUT0
                         net (fo=1, unplaced)         0.800    -2.238    ees338_soc_i/clk_wiz_0/inst/clk_out1_ees338_soc_clk_wiz_0_0
                         BUFG (Prop_bufg_I_O)         0.096    -2.142 r  ees338_soc_i/clk_wiz_0/inst/clkout1_buf/O
                         net (fo=1739, unplaced)      0.584    -1.558    ees338_soc_i/soc_0/inst/cpu_inst/clk
                         FDRE                                         r  ees338_soc_i/soc_0/inst/cpu_inst/ex_mem_rd_r_reg[2]/C
  -------------------------------------------------------------------    -------------------
                         FDRE (Prop_fdre_C_Q)         0.456    -1.102 r  ees338_soc_i/soc_0/inst/cpu_inst/ex_mem_rd_r_reg[2]/Q
                         net (fo=4, unplaced)         0.989    -0.113    ees338_soc_i/soc_0/inst/cpu_inst/flag_reg_inst/mul_ss_i_48_0[2]
                         LUT6 (Prop_lut6_I0_O)        0.295     0.182 r  ees338_soc_i/soc_0/inst/cpu_inst/flag_reg_inst/ex_mem_wdata[31]_i_5/O
                         net (fo=2, unplaced)         0.913     1.095    ees338_soc_i/soc_0/inst/cpu_inst/flag_reg_inst/ex_mem_rd_r_reg[2]
                         LUT6 (Prop_lut6_I0_O)        0.124     1.219 r  ees338_soc_i/soc_0/inst/cpu_inst/flag_reg_inst/mul_ss_i_48/O
                         net (fo=71, unplaced)        0.993     2.212    ees338_soc_i/soc_0/inst/cpu_inst/flag_reg_inst/ex_mem_valid_reg
                         LUT6 (Prop_lut6_I1_O)        0.124     2.336 r  ees338_soc_i/soc_0/inst/cpu_inst/flag_reg_inst/mul_ss__1_i_20/O
                         net (fo=7, unplaced)         0.484     2.820    ees338_soc_i/soc_0/inst/cpu_inst/flag_reg_inst/fwd_a[13]
                         LUT3 (Prop_lut3_I1_O)        0.124     2.944 r  ees338_soc_i/soc_0/inst/cpu_inst/flag_reg_inst/mul_ss__1_i_3/O
                         net (fo=17, unplaced)        0.800     3.744    ees338_soc_i/soc_0/inst/cpu_inst/alu_inst/mul_su_0[14]
                         DSP48E1 (Prop_dsp48e1_A[14]_PCOUT[47])
                                                      4.036     7.780 r  ees338_soc_i/soc_0/inst/cpu_inst/alu_inst/mul_ss__1/PCOUT[47]
                         net (fo=1, unplaced)         0.055     7.835    ees338_soc_i/soc_0/inst/cpu_inst/alu_inst/mul_ss__1_n_106
                         DSP48E1 (Prop_dsp48e1_PCIN[47]_P[0])
                                                      1.518     9.353 r  ees338_soc_i/soc_0/inst/cpu_inst/alu_inst/mul_ss__2/P[0]
                         net (fo=2, unplaced)         0.800    10.152    ees338_soc_i/soc_0/inst/cpu_inst/alu_inst/mul_ss__2_n_105
                         LUT2 (Prop_lut2_I0_O)        0.124    10.276 r  ees338_soc_i/soc_0/inst/cpu_inst/alu_inst/ex_mem_alu_result_r[19]_i_34/O
                         net (fo=1, unplaced)         0.000    10.276    ees338_soc_i/soc_0/inst/cpu_inst/alu_inst/ex_mem_alu_result_r[19]_i_34_n_0
                         CARRY4 (Prop_carry4_S[1]_CO[3])
                                                      0.550    10.826 r  ees338_soc_i/soc_0/inst/cpu_inst/alu_inst/ex_mem_alu_result_r_reg[19]_i_13/CO[3]
                         net (fo=1, unplaced)         0.009    10.835    ees338_soc_i/soc_0/inst/cpu_inst/alu_inst/ex_mem_alu_result_r_reg[19]_i_13_n_0
                         CARRY4 (Prop_carry4_CI_CO[3])
                                                      0.114    10.949 r  ees338_soc_i/soc_0/inst/cpu_inst/alu_inst/ex_mem_alu_result_r_reg[23]_i_13/CO[3]
                         net (fo=1, unplaced)         0.000    10.949    ees338_soc_i/soc_0/inst/cpu_inst/alu_inst/ex_mem_alu_result_r_reg[23]_i_13_n_0
                         CARRY4 (Prop_carry4_CI_CO[3])
                                                      0.114    11.063 r  ees338_soc_i/soc_0/inst/cpu_inst/alu_inst/ex_mem_alu_result_r_reg[27]_i_13/CO[3]
                         net (fo=1, unplaced)         0.000    11.063    ees338_soc_i/soc_0/inst/cpu_inst/alu_inst/ex_mem_alu_result_r_reg[27]_i_13_n_0
                         CARRY4 (Prop_carry4_CI_CO[3])
                                                      0.114    11.177 r  ees338_soc_i/soc_0/inst/cpu_inst/alu_inst/flags_reg[0]_i_12/CO[3]
                         net (fo=1, unplaced)         0.000    11.177    ees338_soc_i/soc_0/inst/cpu_inst/alu_inst/flags_reg[0]_i_12_n_0
                         CARRY4 (Prop_carry4_CI_CO[3])
                                                      0.114    11.291 r  ees338_soc_i/soc_0/inst/cpu_inst/alu_inst/ex_mem_alu_result_r_reg[3]_i_10/CO[3]
                         net (fo=1, unplaced)         0.000    11.291    ees338_soc_i/soc_0/inst/cpu_inst/alu_inst/ex_mem_alu_result_r_reg[3]_i_10_n_0
                         CARRY4 (Prop_carry4_CI_CO[3])
                                                      0.114    11.405 r  ees338_soc_i/soc_0/inst/cpu_inst/alu_inst/ex_mem_alu_result_r_reg[7]_i_11/CO[3]
                         net (fo=1, unplaced)         0.000    11.405    ees338_soc_i/soc_0/inst/cpu_inst/alu_inst/ex_mem_alu_result_r_reg[7]_i_11_n_0
                         CARRY4 (Prop_carry4_CI_CO[3])
                                                      0.114    11.519 r  ees338_soc_i/soc_0/inst/cpu_inst/alu_inst/ex_mem_alu_result_r_reg[11]_i_11/CO[3]
                         net (fo=1, unplaced)         0.000    11.519    ees338_soc_i/soc_0/inst/cpu_inst/alu_inst/ex_mem_alu_result_r_reg[11]_i_11_n_0
                         CARRY4 (Prop_carry4_CI_CO[3])
                                                      0.114    11.633 r  ees338_soc_i/soc_0/inst/cpu_inst/alu_inst/ex_mem_alu_result_r_reg[15]_i_10/CO[3]
                         net (fo=1, unplaced)         0.000    11.633    ees338_soc_i/soc_0/inst/cpu_inst/alu_inst/ex_mem_alu_result_r_reg[15]_i_10_n_0
                         CARRY4 (Prop_carry4_CI_CO[3])
                                                      0.114    11.747 r  ees338_soc_i/soc_0/inst/cpu_inst/alu_inst/ex_mem_alu_result_r_reg[19]_i_10/CO[3]
                         net (fo=1, unplaced)         0.000    11.747    ees338_soc_i/soc_0/inst/cpu_inst/alu_inst/ex_mem_alu_result_r_reg[19]_i_10_n_0
                         CARRY4 (Prop_carry4_CI_O[2])
                                                      0.256    12.003 r  ees338_soc_i/soc_0/inst/cpu_inst/alu_inst/ex_mem_alu_result_r_reg[23]_i_10/O[2]
                         net (fo=2, unplaced)         0.916    12.919    ees338_soc_i/soc_0/inst/cpu_inst/alu_inst/p_1_in[22]
                         LUT4 (Prop_lut4_I0_O)        0.301    13.220 r  ees338_soc_i/soc_0/inst/cpu_inst/alu_inst/flags[4]_i_37/O
                         net (fo=1, unplaced)         0.000    13.220    ees338_soc_i/soc_0/inst/cpu_inst/alu_inst/flags[4]_i_37_n_0
                         CARRY4 (Prop_carry4_S[3]_CO[3])
                                                      0.401    13.621 r  ees338_soc_i/soc_0/inst/cpu_inst/alu_inst/flags_reg[4]_i_28/CO[3]
                         net (fo=1, unplaced)         0.000    13.621    ees338_soc_i/soc_0/inst/cpu_inst/alu_inst/flags_reg[4]_i_28_n_0
                         CARRY4 (Prop_carry4_CI_CO[2])
                                                      0.250    13.871 r  ees338_soc_i/soc_0/inst/cpu_inst/alu_inst/flags_reg[4]_i_14/CO[2]
                         net (fo=1, unplaced)         0.452    14.323    ees338_soc_i/soc_0/inst/cpu_inst/flag_reg_inst/CO[0]
                         LUT6 (Prop_lut6_I4_O)        0.310    14.633 r  ees338_soc_i/soc_0/inst/cpu_inst/flag_reg_inst/flags[4]_i_5/O
                         net (fo=1, unplaced)         0.449    15.082    ees338_soc_i/soc_0/inst/cpu_inst/u_div/flags_reg[3]_0
                         LUT5 (Prop_lut5_I4_O)        0.124    15.206 r  ees338_soc_i/soc_0/inst/cpu_inst/u_div/flags[4]_i_2/O
                         net (fo=4, unplaced)         0.473    15.679    ees338_soc_i/soc_0/inst/cpu_inst/u_div/ex_of
                         LUT2 (Prop_lut2_I0_O)        0.124    15.803 r  ees338_soc_i/soc_0/inst/cpu_inst/u_div/of_count[0]_i_4/O
                         net (fo=1, unplaced)         0.000    15.803    ees338_soc_i/soc_0/inst/cpu_inst/flag_reg_inst/of_count_reg[3]_0[0]
                         CARRY4 (Prop_carry4_S[0]_CO[3])
                                                      0.532    16.335 r  ees338_soc_i/soc_0/inst/cpu_inst/flag_reg_inst/of_count_reg[0]_i_3/CO[3]
                         net (fo=1, unplaced)         0.009    16.344    ees338_soc_i/soc_0/inst/cpu_inst/flag_reg_inst/of_count_reg[0]_i_3_n_0
                         CARRY4 (Prop_carry4_CI_CO[3])
                                                      0.114    16.458 r  ees338_soc_i/soc_0/inst/cpu_inst/flag_reg_inst/of_count_reg[4]_i_1/CO[3]
                         net (fo=1, unplaced)         0.000    16.458    ees338_soc_i/soc_0/inst/cpu_inst/flag_reg_inst/of_count_reg[4]_i_1_n_0
                         CARRY4 (Prop_carry4_CI_CO[3])
                                                      0.114    16.572 r  ees338_soc_i/soc_0/inst/cpu_inst/flag_reg_inst/of_count_reg[8]_i_1/CO[3]
                         net (fo=1, unplaced)         0.000    16.572    ees338_soc_i/soc_0/inst/cpu_inst/flag_reg_inst/of_count_reg[8]_i_1_n_0
                         CARRY4 (Prop_carry4_CI_CO[3])
                                                      0.114    16.686 r  ees338_soc_i/soc_0/inst/cpu_inst/flag_reg_inst/of_count_reg[12]_i_1/CO[3]
                         net (fo=1, unplaced)         0.000    16.686    ees338_soc_i/soc_0/inst/cpu_inst/flag_reg_inst/of_count_reg[12]_i_1_n_0
                         CARRY4 (Prop_carry4_CI_CO[3])
                                                      0.114    16.800 r  ees338_soc_i/soc_0/inst/cpu_inst/flag_reg_inst/of_count_reg[16]_i_1/CO[3]
                         net (fo=1, unplaced)         0.000    16.800    ees338_soc_i/soc_0/inst/cpu_inst/flag_reg_inst/of_count_reg[16]_i_1_n_0
                         CARRY4 (Prop_carry4_CI_CO[3])
                                                      0.114    16.914 r  ees338_soc_i/soc_0/inst/cpu_inst/flag_reg_inst/of_count_reg[20]_i_1/CO[3]
                         net (fo=1, unplaced)         0.000    16.914    ees338_soc_i/soc_0/inst/cpu_inst/flag_reg_inst/of_count_reg[20]_i_1_n_0
                         CARRY4 (Prop_carry4_CI_CO[3])
                                                      0.114    17.028 r  ees338_soc_i/soc_0/inst/cpu_inst/flag_reg_inst/of_count_reg[24]_i_1/CO[3]
                         net (fo=1, unplaced)         0.000    17.028    ees338_soc_i/soc_0/inst/cpu_inst/flag_reg_inst/of_count_reg[24]_i_1_n_0
                         CARRY4 (Prop_carry4_CI_O[1])
                                                      0.348    17.376 r  ees338_soc_i/soc_0/inst/cpu_inst/flag_reg_inst/of_count_reg[28]_i_1/O[1]
                         net (fo=1, unplaced)         0.000    17.376    ees338_soc_i/soc_0/inst/cpu_inst/flag_reg_inst/of_count_reg[28]_i_1_n_6
                         FDRE                                         r  ees338_soc_i/soc_0/inst/cpu_inst/flag_reg_inst/of_count_reg[29]/D
  -------------------------------------------------------------------    -------------------

                         (clock clk_out1_ees338_soc_clk_wiz_0_0 rise edge)
                                                     20.000    20.000 r  
    T5                                                0.000    20.000 r  sys_clk (IN)
                         net (fo=0)                   0.000    20.000    ees338_soc_i/clk_wiz_0/inst/clk_in1
    T5                   IBUF (Prop_ibuf_I_O)         1.415    21.415 r  ees338_soc_i/clk_wiz_0/inst/clkin1_ibufg/O
                         net (fo=1, unplaced)         0.439    21.854    ees338_soc_i/clk_wiz_0/inst/clk_in1_ees338_soc_clk_wiz_0_0
                         MMCME2_ADV (Prop_mmcme2_adv_CLKIN1_CLKOUT0)
                                                     -5.378    16.476 r  ees338_soc_i/clk_wiz_0/inst/mmcm_adv_inst/CLKOUT0
                         net (fo=1, unplaced)         0.760    17.236    ees338_soc_i/clk_wiz_0/inst/clk_out1_ees338_soc_clk_wiz_0_0
                         BUFG (Prop_bufg_I_O)         0.091    17.327 r  ees338_soc_i/clk_wiz_0/inst/clkout1_buf/O
                         net (fo=1739, unplaced)      0.439    17.766    ees338_soc_i/soc_0/inst/cpu_inst/flag_reg_inst/clk
                         FDRE                                         r  ees338_soc_i/soc_0/inst/cpu_inst/flag_reg_inst/of_count_reg[29]/C
                         clock pessimism              0.531    18.297    
                         clock uncertainty           -0.084    18.213    
                         FDRE (Setup_fdre_C_D)        0.062    18.275    ees338_soc_i/soc_0/inst/cpu_inst/flag_reg_inst/of_count_reg[29]
  -------------------------------------------------------------------
                         required time                         18.275    
                         arrival time                         -17.376    
  -------------------------------------------------------------------
                         slack                                  0.899    





Min Delay Paths
--------------------------------------------------------------------------------------
Slack (MET) :             0.007ns  (arrival time - required time)
  Source:                 ees338_soc_i/rst_0/U0/EXT_LPF/ACTIVE_LOW_AUX.ACT_LO_AUX/GENERATE_LEVEL_P_S_CDC.SINGLE_BIT.CROSS_PLEVEL_IN2SCNDRY_IN_cdc_to/C
                            (rising edge-triggered cell FDRE clocked by clk_out1_ees338_soc_clk_wiz_0_0  {rise@0.000ns fall@10.000ns period=20.000ns})
  Destination:            ees338_soc_i/rst_0/U0/EXT_LPF/ACTIVE_LOW_AUX.ACT_LO_AUX/GENERATE_LEVEL_P_S_CDC.SINGLE_BIT.CROSS_PLEVEL_IN2SCNDRY_s_level_out_d2/D
                            (rising edge-triggered cell FDRE clocked by clk_out1_ees338_soc_clk_wiz_0_0  {rise@0.000ns fall@10.000ns period=20.000ns})
  Path Group:             clk_out1_ees338_soc_clk_wiz_0_0
  Path Type:              Hold (Min at Fast Process Corner)
  Requirement:            0.000ns  (clk_out1_ees338_soc_clk_wiz_0_0 rise@0.000ns - clk_out1_ees338_soc_clk_wiz_0_0 rise@0.000ns)
  Data Path Delay:        0.222ns  (logic 0.141ns (63.533%)  route 0.081ns (36.467%))
  Logic Levels:           0  
  Clock Path Skew:        0.145ns (DCD - SCD - CPR)
    Destination Clock Delay (DCD):    -1.066ns
    Source Clock Delay      (SCD):    -0.931ns
    Clock Pessimism Removal (CPR):    -0.280ns

    Location             Delay type                Incr(ns)  Path(ns)    Netlist Resource(s)
  -------------------------------------------------------------------    -------------------
                         (clock clk_out1_ees338_soc_clk_wiz_0_0 rise edge)
                                                      0.000     0.000 r  
    T5                                                0.000     0.000 r  sys_clk (IN)
                         net (fo=0)                   0.000     0.000    ees338_soc_i/clk_wiz_0/inst/clk_in1
    T5                   IBUF (Prop_ibuf_I_O)         0.254     0.254 r  ees338_soc_i/clk_wiz_0/inst/clkin1_ibufg/O
                         net (fo=1, unplaced)         0.114     0.368    ees338_soc_i/clk_wiz_0/inst/clk_in1_ees338_soc_clk_wiz_0_0
                         MMCME2_ADV (Prop_mmcme2_adv_CLKIN1_CLKOUT0)
                                                     -1.776    -1.408 r  ees338_soc_i/clk_wiz_0/inst/mmcm_adv_inst/CLKOUT0
                         net (fo=1, unplaced)         0.337    -1.071    ees338_soc_i/clk_wiz_0/inst/clk_out1_ees338_soc_clk_wiz_0_0
                         BUFG (Prop_bufg_I_O)         0.026    -1.045 r  ees338_soc_i/clk_wiz_0/inst/clkout1_buf/O
                         net (fo=1739, unplaced)      0.114    -0.931    ees338_soc_i/rst_0/U0/EXT_LPF/ACTIVE_LOW_AUX.ACT_LO_AUX/slowest_sync_clk
                         FDRE                                         r  ees338_soc_i/rst_0/U0/EXT_LPF/ACTIVE_LOW_AUX.ACT_LO_AUX/GENERATE_LEVEL_P_S_CDC.SINGLE_BIT.CROSS_PLEVEL_IN2SCNDRY_IN_cdc_to/C
  -------------------------------------------------------------------    -------------------
                         FDRE (Prop_fdre_C_Q)         0.141    -0.790 r  ees338_soc_i/rst_0/U0/EXT_LPF/ACTIVE_LOW_AUX.ACT_LO_AUX/GENERATE_LEVEL_P_S_CDC.SINGLE_BIT.CROSS_PLEVEL_IN2SCNDRY_IN_cdc_to/Q
                         net (fo=1, unplaced)         0.081    -0.709    ees338_soc_i/rst_0/U0/EXT_LPF/ACTIVE_LOW_AUX.ACT_LO_AUX/s_level_out_d1_cdc_to
                         FDRE                                         r  ees338_soc_i/rst_0/U0/EXT_LPF/ACTIVE_LOW_AUX.ACT_LO_AUX/GENERATE_LEVEL_P_S_CDC.SINGLE_BIT.CROSS_PLEVEL_IN2SCNDRY_s_level_out_d2/D
  -------------------------------------------------------------------    -------------------

                         (clock clk_out1_ees338_soc_clk_wiz_0_0 rise edge)
                                                      0.000     0.000 r  
    T5                                                0.000     0.000 r  sys_clk (IN)
                         net (fo=0)                   0.000     0.000    ees338_soc_i/clk_wiz_0/inst/clk_in1
    T5                   IBUF (Prop_ibuf_I_O)         0.442     0.442 r  ees338_soc_i/clk_wiz_0/inst/clkin1_ibufg/O
                         net (fo=1, unplaced)         0.259     0.701    ees338_soc_i/clk_wiz_0/inst/clk_in1_ees338_soc_clk_wiz_0_0
                         MMCME2_ADV (Prop_mmcme2_adv_CLKIN1_CLKOUT0)
                                                     -2.410    -1.709 r  ees338_soc_i/clk_wiz_0/inst/mmcm_adv_inst/CLKOUT0
                         net (fo=1, unplaced)         0.355    -1.354    ees338_soc_i/clk_wiz_0/inst/clk_out1_ees338_soc_clk_wiz_0_0
                         BUFG (Prop_bufg_I_O)         0.029    -1.325 r  ees338_soc_i/clk_wiz_0/inst/clkout1_buf/O
                         net (fo=1739, unplaced)      0.259    -1.066    ees338_soc_i/rst_0/U0/EXT_LPF/ACTIVE_LOW_AUX.ACT_LO_AUX/slowest_sync_clk
                         FDRE                                         r  ees338_soc_i/rst_0/U0/EXT_LPF/ACTIVE_LOW_AUX.ACT_LO_AUX/GENERATE_LEVEL_P_S_CDC.SINGLE_BIT.CROSS_PLEVEL_IN2SCNDRY_s_level_out_d2/C
                         clock pessimism              0.280    -0.786    
                         FDRE (Hold_fdre_C_D)         0.070    -0.716    ees338_soc_i/rst_0/U0/EXT_LPF/ACTIVE_LOW_AUX.ACT_LO_AUX/GENERATE_LEVEL_P_S_CDC.SINGLE_BIT.CROSS_PLEVEL_IN2SCNDRY_s_level_out_d2
  -------------------------------------------------------------------
                         required time                          0.716    
                         arrival time                          -0.709    
  -------------------------------------------------------------------
                         slack                                  0.007    





Pulse Width Checks
--------------------------------------------------------------------------------------
Clock Name:         clk_out1_ees338_soc_clk_wiz_0_0
Waveform(ns):       { 0.000 10.000 }
Period(ns):         20.000
Sources:            { ees338_soc_i/clk_wiz_0/inst/mmcm_adv_inst/CLKOUT0 }

Check Type        Corner  Lib Pin             Reference Pin  Required(ns)  Actual(ns)  Slack(ns)  Location  Pin
Min Period        n/a     BUFG/I              n/a            2.155         20.000      17.845               ees338_soc_i/clk_wiz_0/inst/clkout1_buf/I
Max Period        n/a     MMCME2_ADV/CLKOUT0  n/a            213.360       20.000      193.360              ees338_soc_i/clk_wiz_0/inst/mmcm_adv_inst/CLKOUT0
Low Pulse Width   Slow    RAMS64E/CLK         n/a            1.250         10.000      8.750                ees338_soc_i/soc_0/inst/cpu_inst/dm_inst/mem_reg_0_255_0_0/RAMS64E_A/CLK
High Pulse Width  Fast    RAMS64E/CLK         n/a            1.250         10.000      8.750                ees338_soc_i/soc_0/inst/cpu_inst/dm_inst/mem_reg_0_255_0_0/RAMS64E_A/CLK



---------------------------------------------------------------------------------------------------
From Clock:  clkfbout_ees338_soc_clk_wiz_0_0
  To Clock:  clkfbout_ees338_soc_clk_wiz_0_0

Setup :           NA  Failing Endpoints,  Worst Slack           NA  ,  Total Violation           NA
Hold  :           NA  Failing Endpoints,  Worst Slack           NA  ,  Total Violation           NA
PW    :            0  Failing Endpoints,  Worst Slack        7.845ns,  Total Violation        0.000ns
---------------------------------------------------------------------------------------------------


Pulse Width Checks
--------------------------------------------------------------------------------------
Clock Name:         clkfbout_ees338_soc_clk_wiz_0_0
Waveform(ns):       { 0.000 5.000 }
Period(ns):         10.000
Sources:            { ees338_soc_i/clk_wiz_0/inst/mmcm_adv_inst/CLKFBOUT }

Check Type  Corner  Lib Pin             Reference Pin  Required(ns)  Actual(ns)  Slack(ns)  Location  Pin
Min Period  n/a     BUFG/I              n/a            2.155         10.000      7.845                ees338_soc_i/clk_wiz_0/inst/clkf_buf/I
Max Period  n/a     MMCME2_ADV/CLKFBIN  n/a            100.000       10.000      90.000               ees338_soc_i/clk_wiz_0/inst/mmcm_adv_inst/CLKFBIN



