Copyright 1986-2019 Xilinx, Inc. All Rights Reserved.
--------------------------------------------------------------------------------------
| Tool Version : Vivado v.2019.2 (win64) Build 2708876 Wed Nov  6 21:40:23 MST 2019
| Date         : Thu Sep 17 16:07:49 2026
| Host         : LAPTOP-DQ5VL70C running 64-bit major release  (build 9200)
| Command      : report_utilization -file E:/VivadoProject/Lab2/scripts/impl_util.rpt
| Design       : EES338Top
| Device       : 7a35tcsg324-1
| Design State : Routed
--------------------------------------------------------------------------------------

Utilization Design Information

Table of Contents
-----------------
1. Slice Logic
1.1 Summary of Registers by Type
2. Slice Logic Distribution
3. Memory
4. DSP
5. IO and GT Specific
6. Clocking
7. Specific Feature
8. Primitives
9. Black Boxes
10. Instantiated Netlists

1. Slice Logic
--------------

+----------------------------+------+-------+-----------+-------+
|          Site Type         | Used | Fixed | Available | Util% |
+----------------------------+------+-------+-----------+-------+
| Slice LUTs                 | 2550 |     0 |     20800 | 12.26 |
|   LUT as Logic             | 1990 |     0 |     20800 |  9.57 |
|   LUT as Memory            |  560 |     0 |      9600 |  5.83 |
|     LUT as Distributed RAM |  560 |     0 |           |       |
|     LUT as Shift Register  |    0 |     0 |           |       |
| Slice Registers            | 1179 |     0 |     41600 |  2.83 |
|   Register as Flip Flop    | 1179 |     0 |     41600 |  2.83 |
|   Register as Latch        |    0 |     0 |     41600 |  0.00 |
| F7 Muxes                   |  296 |     0 |     16300 |  1.82 |
| F8 Muxes                   |  138 |     0 |      8150 |  1.69 |
+----------------------------+------+-------+-----------+-------+


1.1 Summary of Registers by Type
--------------------------------

+-------+--------------+-------------+--------------+
| Total | Clock Enable | Synchronous | Asynchronous |
+-------+--------------+-------------+--------------+
| 0     |            _ |           - |            - |
| 0     |            _ |           - |          Set |
| 0     |            _ |           - |        Reset |
| 0     |            _ |         Set |            - |
| 0     |            _ |       Reset |            - |
| 0     |          Yes |           - |            - |
| 0     |          Yes |           - |          Set |
| 0     |          Yes |           - |        Reset |
| 50    |          Yes |         Set |            - |
| 1129  |          Yes |       Reset |            - |
+-------+--------------+-------------+--------------+


2. Slice Logic Distribution
---------------------------

+--------------------------------------------+------+-------+-----------+-------+
|                  Site Type                 | Used | Fixed | Available | Util% |
+--------------------------------------------+------+-------+-----------+-------+
| Slice                                      |  794 |     0 |      8150 |  9.74 |
|   SLICEL                                   |  523 |     0 |           |       |
|   SLICEM                                   |  271 |     0 |           |       |
| LUT as Logic                               | 1990 |     0 |     20800 |  9.57 |
|   using O5 output only                     |    0 |       |           |       |
|   using O6 output only                     | 1652 |       |           |       |
|   using O5 and O6                          |  338 |       |           |       |
| LUT as Memory                              |  560 |     0 |      9600 |  5.83 |
|   LUT as Distributed RAM                   |  560 |     0 |           |       |
|     using O5 output only                   |    0 |       |           |       |
|     using O6 output only                   |  512 |       |           |       |
|     using O5 and O6                        |   48 |       |           |       |
|   LUT as Shift Register                    |    0 |     0 |           |       |
| Slice Registers                            | 1179 |     0 |     41600 |  2.83 |
|   Register driven from within the Slice    |  761 |       |           |       |
|   Register driven from outside the Slice   |  418 |       |           |       |
|     LUT in front of the register is unused |  130 |       |           |       |
|     LUT in front of the register is used   |  288 |       |           |       |
| Unique Control Sets                        |   53 |       |      8150 |  0.65 |
+--------------------------------------------+------+-------+-----------+-------+
* Note: Available Control Sets calculated as Slice Registers / 8, Review the Control Sets Report for more information regarding control sets.


3. Memory
---------

+----------------+------+-------+-----------+-------+
|    Site Type   | Used | Fixed | Available | Util% |
+----------------+------+-------+-----------+-------+
| Block RAM Tile |    0 |     0 |        50 |  0.00 |
|   RAMB36/FIFO* |    0 |     0 |        50 |  0.00 |
|   RAMB18       |    0 |     0 |       100 |  0.00 |
+----------------+------+-------+-----------+-------+
* Note: Each Block RAM Tile only has one FIFO logic available and therefore can accommodate only one FIFO36E1 or one FIFO18E1. However, if a FIFO18E1 occupies a Block RAM Tile, that tile can still accommodate a RAMB18E1


4. DSP
------

+----------------+------+-------+-----------+-------+
|    Site Type   | Used | Fixed | Available | Util% |
+----------------+------+-------+-----------+-------+
| DSPs           |   12 |     0 |        90 | 13.33 |
|   DSP48E1 only |   12 |       |           |       |
+----------------+------+-------+-----------+-------+


5. IO and GT Specific
---------------------

+-----------------------------+------+-------+-----------+-------+
|          Site Type          | Used | Fixed | Available | Util% |
+-----------------------------+------+-------+-----------+-------+
| Bonded IOB                  |   49 |    49 |       210 | 23.33 |
|   IOB Master Pads           |   25 |       |           |       |
|   IOB Slave Pads            |   24 |       |           |       |
| Bonded IPADs                |    0 |     0 |         2 |  0.00 |
| PHY_CONTROL                 |    0 |     0 |         5 |  0.00 |
| PHASER_REF                  |    0 |     0 |         5 |  0.00 |
| OUT_FIFO                    |    0 |     0 |        20 |  0.00 |
| IN_FIFO                     |    0 |     0 |        20 |  0.00 |
| IDELAYCTRL                  |    0 |     0 |         5 |  0.00 |
| IBUFDS                      |    0 |     0 |       202 |  0.00 |
| PHASER_OUT/PHASER_OUT_PHY   |    0 |     0 |        20 |  0.00 |
| PHASER_IN/PHASER_IN_PHY     |    0 |     0 |        20 |  0.00 |
| IDELAYE2/IDELAYE2_FINEDELAY |    0 |     0 |       250 |  0.00 |
| ILOGIC                      |    0 |     0 |       210 |  0.00 |
| OLOGIC                      |    0 |     0 |       210 |  0.00 |
+-----------------------------+------+-------+-----------+-------+


6. Clocking
-----------

+------------+------+-------+-----------+-------+
|  Site Type | Used | Fixed | Available | Util% |
+------------+------+-------+-----------+-------+
| BUFGCTRL   |    1 |     0 |        32 |  3.13 |
| BUFIO      |    0 |     0 |        20 |  0.00 |
| MMCME2_ADV |    1 |     0 |         5 | 20.00 |
| PLLE2_ADV  |    0 |     0 |         5 |  0.00 |
| BUFMRCE    |    0 |     0 |        10 |  0.00 |
| BUFHCE     |    0 |     0 |        72 |  0.00 |
| BUFR       |    0 |     0 |        20 |  0.00 |
+------------+------+-------+-----------+-------+


7. Specific Feature
-------------------

+-------------+------+-------+-----------+-------+
|  Site Type  | Used | Fixed | Available | Util% |
+-------------+------+-------+-----------+-------+
| BSCANE2     |    0 |     0 |         4 |  0.00 |
| CAPTUREE2   |    0 |     0 |         1 |  0.00 |
| DNA_PORT    |    0 |     0 |         1 |  0.00 |
| EFUSE_USR   |    0 |     0 |         1 |  0.00 |
| FRAME_ECCE2 |    0 |     0 |         1 |  0.00 |
| ICAPE2      |    0 |     0 |         2 |  0.00 |
| PCIE_2_1    |    0 |     0 |         1 |  0.00 |
| STARTUPE2   |    0 |     0 |         1 |  0.00 |
| XADC        |    0 |     0 |         1 |  0.00 |
+-------------+------+-------+-----------+-------+


8. Primitives
-------------

+------------+------+---------------------+
|  Ref Name  | Used | Functional Category |
+------------+------+---------------------+
| FDRE       | 1129 |        Flop & Latch |
| LUT6       |  677 |                 LUT |
| RAMS64E    |  512 |  Distributed Memory |
| LUT2       |  409 |                 LUT |
| LUT4       |  397 |                 LUT |
| LUT3       |  377 |                 LUT |
| LUT5       |  334 |                 LUT |
| MUXF7      |  296 |               MuxFx |
| CARRY4     |  214 |          CarryLogic |
| MUXF8      |  138 |               MuxFx |
| LUT1       |  134 |                 LUT |
| RAMD32     |   72 |  Distributed Memory |
| FDSE       |   50 |        Flop & Latch |
| OBUF       |   37 |                  IO |
| RAMS32     |   24 |  Distributed Memory |
| IBUF       |   12 |                  IO |
| DSP48E1    |   12 |    Block Arithmetic |
| OBUFT      |    8 |                  IO |
| MMCME2_ADV |    1 |               Clock |
| BUFG       |    1 |               Clock |
+------------+------+---------------------+


9. Black Boxes
--------------

+----------+------+
| Ref Name | Used |
+----------+------+


10. Instantiated Netlists
-------------------------

+----------+------+
| Ref Name | Used |
+----------+------+


