Copyright 1986-2019 Xilinx, Inc. All Rights Reserved.
-------------------------------------------------------------------------------------------
| Tool Version : Vivado v.2019.2 (win64) Build 2708876 Wed Nov  6 21:40:23 MST 2019
| Date         : Thu Sep 17 16:07:50 2026
| Host         : LAPTOP-DQ5VL70C running 64-bit major release  (build 9200)
| Command      : report_timing_summary -file E:/VivadoProject/Lab2/scripts/impl_timing.rpt
| Design       : EES338Top
| Device       : 7a35t-csg324
| Speed File   : -1  PRODUCTION 1.23 2018-06-13
-------------------------------------------------------------------------------------------

Timing Summary Report

------------------------------------------------------------------------------------------------
| Timer Settings
| --------------
------------------------------------------------------------------------------------------------

  Enable Multi Corner Analysis               :  Yes
  Enable Pessimism Removal                   :  Yes
  Pessimism Removal Resolution               :  Nearest Common Node
  Enable Input Delay Default Clock           :  No
  Enable Preset / Clear Arcs                 :  No
  Disable Flight Delays                      :  No
  Ignore I/O Paths                           :  No
  Timing Early Launch at Borrowing Latches   :  No
  Borrow Time for Max Delay Exceptions       :  Yes
  Merge Timing Exceptions                    :  Yes

  Corner  Analyze    Analyze    
  Name    Max Paths  Min Paths  
  ------  ---------  ---------  
  Slow    Yes        Yes        
  Fast    Yes        Yes        



check_timing report

Table of Contents
-----------------
1. checking no_clock
2. checking constant_clock
3. checking pulse_width_clock
4. checking unconstrained_internal_endpoints
5. checking no_input_delay
6. checking no_output_delay
7. checking multiple_clock
8. checking generated_clocks
9. checking loops
10. checking partial_input_delay
11. checking partial_output_delay
12. checking latch_loops

1. checking no_clock
--------------------
 There are 0 register/latch pins with no clock.


2. checking constant_clock
--------------------------
 There are 0 register/latch pins with constant_clock.


3. checking pulse_width_clock
-----------------------------
 There are 0 register/latch pins which need pulse_width check


4. checking unconstrained_internal_endpoints
--------------------------------------------
 There are 0 pins that are not constrained for maximum delay.

 There are 0 pins that are not constrained for maximum delay due to constant clock.


5. checking no_input_delay
--------------------------
 There are 11 input ports with no input delay specified. (HIGH)

 There are 0 input ports with no input delay but user has a false path constraint.


6. checking no_output_delay
---------------------------
 There are 45 ports with no output delay specified. (HIGH)

 There are 0 ports with no output delay but user has a false path constraint

 There are 0 ports with no output delay but with a timing clock defined on it or propagating through it


7. checking multiple_clock
--------------------------
 There are 0 register/latch pins with multiple clocks.


8. checking generated_clocks
----------------------------
 There are 0 generated clocks that are not connected to a clock source.


9. checking loops
-----------------
 There are 0 combinational loops in the design.


10. checking partial_input_delay
--------------------------------
 There are 0 input ports with partial input delay specified.


11. checking partial_output_delay
---------------------------------
 There are 0 ports with partial output delay specified.


12. checking latch_loops
------------------------
 There are 0 combinational latch loops in the design through latch input



------------------------------------------------------------------------------------------------
| Design Timing Summary
| ---------------------
------------------------------------------------------------------------------------------------

    WNS(ns)      TNS(ns)  TNS Failing Endpoints  TNS Total Endpoints      WHS(ns)      THS(ns)  THS Failing Endpoints  THS Total Endpoints     WPWS(ns)     TPWS(ns)  TPWS Failing Endpoints  TPWS Total Endpoints  
    -------      -------  ---------------------  -------------------      -------      -------  ---------------------  -------------------     --------     --------  ----------------------  --------------------  
      0.688        0.000                      0                 8954        0.109        0.000                      0                 8954        3.000        0.000                       0                  1792  


All user specified timing constraints are met.


------------------------------------------------------------------------------------------------
| Clock Summary
| -------------
------------------------------------------------------------------------------------------------

Clock    Waveform(ns)       Period(ns)      Frequency(MHz)
-----    ------------       ----------      --------------
sys_clk  {0.000 5.000}      10.000          100.000         
  clk0   {0.000 10.000}     20.000          50.000          
  clkfb  {0.000 5.000}      10.000          100.000         


------------------------------------------------------------------------------------------------
| Intra Clock Table
| -----------------
------------------------------------------------------------------------------------------------

Clock             WNS(ns)      TNS(ns)  TNS Failing Endpoints  TNS Total Endpoints      WHS(ns)      THS(ns)  THS Failing Endpoints  THS Total Endpoints     WPWS(ns)     TPWS(ns)  TPWS Failing Endpoints  TPWS Total Endpoints  
-----             -------      -------  ---------------------  -------------------      -------      -------  ---------------------  -------------------     --------     --------  ----------------------  --------------------  
sys_clk                                                                                                                                                         3.000        0.000                       0                     1  
  clk0              0.688        0.000                      0                 8954        0.109        0.000                      0                 8954        8.750        0.000                       0                  1789  
  clkfb                                                                                                                                                         8.751        0.000                       0                     2  


------------------------------------------------------------------------------------------------
| Inter Clock Table
| -----------------
------------------------------------------------------------------------------------------------

From Clock    To Clock          WNS(ns)      TNS(ns)  TNS Failing Endpoints  TNS Total Endpoints      WHS(ns)      THS(ns)  THS Failing Endpoints  THS Total Endpoints  
----------    --------          -------      -------  ---------------------  -------------------      -------      -------  ---------------------  -------------------  


------------------------------------------------------------------------------------------------
| Other Path Groups Table
| -----------------------
------------------------------------------------------------------------------------------------

Path Group    From Clock    To Clock          WNS(ns)      TNS(ns)  TNS Failing Endpoints  TNS Total Endpoints      WHS(ns)      THS(ns)  THS Failing Endpoints  THS Total Endpoints  
----------    ----------    --------          -------      -------  ---------------------  -------------------      -------      -------  ---------------------  -------------------  


------------------------------------------------------------------------------------------------
| Timing Details
| --------------
------------------------------------------------------------------------------------------------


---------------------------------------------------------------------------------------------------
From Clock:  sys_clk
  To Clock:  sys_clk

Setup :           NA  Failing Endpoints,  Worst Slack           NA  ,  Total Violation           NA
Hold  :           NA  Failing Endpoints,  Worst Slack           NA  ,  Total Violation           NA
PW    :            0  Failing Endpoints,  Worst Slack        3.000ns,  Total Violation        0.000ns
---------------------------------------------------------------------------------------------------


Pulse Width Checks
--------------------------------------------------------------------------------------
Clock Name:         sys_clk
Waveform(ns):       { 0.000 5.000 }
Period(ns):         10.000
Sources:            { sys_clk }

Check Type        Corner  Lib Pin            Reference Pin  Required(ns)  Actual(ns)  Slack(ns)  Location         Pin
Min Period        n/a     MMCME2_ADV/CLKIN1  n/a            1.249         10.000      8.751      MMCME2_ADV_X1Y0  u_clkgen/mmcm_inst/CLKIN1
Max Period        n/a     MMCME2_ADV/CLKIN1  n/a            100.000       10.000      90.000     MMCME2_ADV_X1Y0  u_clkgen/mmcm_inst/CLKIN1
Low Pulse Width   Slow    MMCME2_ADV/CLKIN1  n/a            2.000         5.000       3.000      MMCME2_ADV_X1Y0  u_clkgen/mmcm_inst/CLKIN1
High Pulse Width  Slow    MMCME2_ADV/CLKIN1  n/a            2.000         5.000       3.000      MMCME2_ADV_X1Y0  u_clkgen/mmcm_inst/CLKIN1



---------------------------------------------------------------------------------------------------
From Clock:  clk0
  To Clock:  clk0

Setup :            0  Failing Endpoints,  Worst Slack        0.688ns,  Total Violation        0.000ns
Hold  :            0  Failing Endpoints,  Worst Slack        0.109ns,  Total Violation        0.000ns
PW    :            0  Failing Endpoints,  Worst Slack        8.750ns,  Total Violation        0.000ns
---------------------------------------------------------------------------------------------------


Max Delay Paths
--------------------------------------------------------------------------------------
Slack (MET) :             0.688ns  (required time - arrival time)
  Source:                 u_core/cpu_inst/ex_mem_rd_r_reg[3]/C
                            (rising edge-triggered cell FDRE clocked by clk0  {rise@0.000ns fall@10.000ns period=20.000ns})
  Destination:            u_core/cpu_inst/flag_reg_inst/of_count_reg[29]/D
                            (rising edge-triggered cell FDRE clocked by clk0  {rise@0.000ns fall@10.000ns period=20.000ns})
  Path Group:             clk0
  Path Type:              Setup (Max at Slow Process Corner)
  Requirement:            20.000ns  (clk0 rise@20.000ns - clk0 rise@0.000ns)
  Data Path Delay:        19.320ns  (logic 11.159ns (57.757%)  route 8.161ns (42.243%))
  Logic Levels:           26  (CARRY4=16 DSP48E1=2 LUT2=1 LUT3=1 LUT4=1 LUT5=4 LUT6=1)
  Clock Path Skew:        0.028ns (DCD - SCD + CPR)
    Destination Clock Delay (DCD):    5.845ns = ( 25.845 - 20.000 ) 
    Source Clock Delay      (SCD):    6.129ns
    Clock Pessimism Removal (CPR):    0.312ns
  Clock Uncertainty:      0.082ns  ((TSJ^2 + DJ^2)^1/2) / 2 + PE
    Total System Jitter     (TSJ):    0.071ns
    Discrete Jitter          (DJ):    0.147ns
    Phase Error              (PE):    0.000ns

    Location             Delay type                Incr(ns)  Path(ns)    Netlist Resource(s)
  -------------------------------------------------------------------    -------------------
                         (clock clk0 rise edge)       0.000     0.000 r  
    T5                                                0.000     0.000 r  sys_clk (IN)
                         net (fo=0)                   0.000     0.000    sys_clk
    T5                   IBUF (Prop_ibuf_I_O)         1.486     1.486 r  sys_clk_IBUF_inst/O
                         net (fo=1, routed)           1.233     2.719    u_clkgen/clk_in
    MMCME2_ADV_X1Y0      MMCME2_ADV (Prop_mmcme2_adv_CLKIN1_CLKOUT0)
                                                      0.088     2.807 r  u_clkgen/mmcm_inst/CLKOUT0
                         net (fo=1, routed)           1.661     4.468    u_clkgen/clk0
    BUFGCTRL_X0Y0        BUFG (Prop_bufg_I_O)         0.096     4.564 r  u_clkgen/bufg_50m/O
                         net (fo=1787, routed)        1.564     6.129    u_core/cpu_inst/clk_out
    SLICE_X52Y34         FDRE                                         r  u_core/cpu_inst/ex_mem_rd_r_reg[3]/C
  -------------------------------------------------------------------    -------------------
    SLICE_X52Y34         FDRE (Prop_fdre_C_Q)         0.478     6.607 f  u_core/cpu_inst/ex_mem_rd_r_reg[3]/Q
                         net (fo=4, routed)           0.834     7.441    u_core/cpu_inst/pc_inst/mul_ss_i_64_0[3]
    SLICE_X50Y34         LUT5 (Prop_lut5_I0_O)        0.301     7.742 r  u_core/cpu_inst/pc_inst/ex_mem_wdata[4]_i_4/O
                         net (fo=2, routed)           0.632     8.374    u_core/cpu_inst/pc_inst/ex_mem_wdata[4]_i_4_n_0
    SLICE_X51Y34         LUT5 (Prop_lut5_I2_O)        0.124     8.498 r  u_core/cpu_inst/pc_inst/ex_mem_wdata[4]_i_2/O
                         net (fo=37, routed)          1.052     9.550    u_core/cpu_inst/pc_inst/ex_mem_reg_we_r_reg
    SLICE_X42Y27         LUT5 (Prop_lut5_I0_O)        0.124     9.674 r  u_core/cpu_inst/pc_inst/mul_ss_i_50/O
                         net (fo=7, routed)           0.794    10.469    u_core/cpu_inst/alu_inst/mul_ss_10
    SLICE_X47Y23         LUT3 (Prop_lut3_I0_O)        0.118    10.587 r  u_core/cpu_inst/alu_inst/mul_ss_i_18/O
                         net (fo=13, routed)          1.390    11.977    u_core/cpu_inst/alu_inst/alu_src2[10]
    DSP48_X1Y14          DSP48E1 (Prop_dsp48e1_A[14]_PCOUT[47])
                                                      4.238    16.215 r  u_core/cpu_inst/alu_inst/mul_ss/PCOUT[47]
                         net (fo=1, routed)           0.002    16.217    u_core/cpu_inst/alu_inst/mul_ss_n_106
    DSP48_X1Y15          DSP48E1 (Prop_dsp48e1_PCIN[47]_P[1])
                                                      1.518    17.735 r  u_core/cpu_inst/alu_inst/mul_ss__0/P[1]
                         net (fo=1, routed)           1.212    18.947    u_core/cpu_inst/alu_inst/mul_ss__0_n_104
    SLICE_X54Y24         LUT2 (Prop_lut2_I1_O)        0.124    19.071 r  u_core/cpu_inst/alu_inst/mul_ss_carry__3_i_1/O
                         net (fo=1, routed)           0.000    19.071    u_core/cpu_inst/alu_inst/mul_ss_carry__3_i_1_n_0
    SLICE_X54Y24         CARRY4 (Prop_carry4_S[3]_CO[3])
                                                      0.376    19.447 r  u_core/cpu_inst/alu_inst/mul_ss_carry__3/CO[3]
                         net (fo=1, routed)           0.009    19.456    u_core/cpu_inst/alu_inst/mul_ss_carry__3_n_0
    SLICE_X54Y25         CARRY4 (Prop_carry4_CI_CO[3])
                                                      0.117    19.573 r  u_core/cpu_inst/alu_inst/mul_ss_carry__4/CO[3]
                         net (fo=1, routed)           0.000    19.573    u_core/cpu_inst/alu_inst/mul_ss_carry__4_n_0
    SLICE_X54Y26         CARRY4 (Prop_carry4_CI_CO[3])
                                                      0.117    19.690 r  u_core/cpu_inst/alu_inst/mul_ss_carry__5/CO[3]
                         net (fo=1, routed)           0.000    19.690    u_core/cpu_inst/alu_inst/mul_ss_carry__5_n_0
    SLICE_X54Y27         CARRY4 (Prop_carry4_CI_CO[3])
                                                      0.117    19.807 r  u_core/cpu_inst/alu_inst/mul_ss_carry__6/CO[3]
                         net (fo=1, routed)           0.000    19.807    u_core/cpu_inst/alu_inst/mul_ss_carry__6_n_0
    SLICE_X54Y28         CARRY4 (Prop_carry4_CI_CO[3])
                                                      0.117    19.924 r  u_core/cpu_inst/alu_inst/mul_ss_carry__7/CO[3]
                         net (fo=1, routed)           0.000    19.924    u_core/cpu_inst/alu_inst/mul_ss_carry__7_n_0
    SLICE_X54Y29         CARRY4 (Prop_carry4_CI_CO[3])
                                                      0.117    20.041 r  u_core/cpu_inst/alu_inst/mul_ss_carry__8/CO[3]
                         net (fo=1, routed)           0.000    20.041    u_core/cpu_inst/alu_inst/mul_ss_carry__8_n_0
    SLICE_X54Y30         CARRY4 (Prop_carry4_CI_O[3])
                                                      0.315    20.356 r  u_core/cpu_inst/alu_inst/mul_ss_carry__9/O[3]
                         net (fo=2, routed)           0.929    21.285    u_core/cpu_inst/alu_inst/p_1_in[27]
    SLICE_X57Y26         LUT4 (Prop_lut4_I2_O)        0.307    21.592 r  u_core/cpu_inst/alu_inst/i__carry__1_i_2/O
                         net (fo=1, routed)           0.000    21.592    u_core/cpu_inst/alu_inst/i__carry__1_i_2_n_0
    SLICE_X57Y26         CARRY4 (Prop_carry4_S[1]_CO[2])
                                                      0.570    22.162 r  u_core/cpu_inst/alu_inst/overflow0_inferred__1/i__carry__1/CO[2]
                         net (fo=1, routed)           0.411    22.573    u_core/cpu_inst/alu_inst/data2
    SLICE_X57Y27         LUT6 (Prop_lut6_I3_O)        0.313    22.886 r  u_core/cpu_inst/alu_inst/flags[4]_i_4/O
                         net (fo=3, routed)           0.689    23.575    u_core/cpu_inst/alu_inst/flags[4]_i_4_n_0
    SLICE_X59Y27         LUT5 (Prop_lut5_I4_O)        0.124    23.699 r  u_core/cpu_inst/alu_inst/flags[3]_i_1/O
                         net (fo=2, routed)           0.206    23.905    u_core/cpu_inst/flag_reg_inst/flags_reg[3]_4[0]
    SLICE_X58Y27         CARRY4 (Prop_carry4_DI[0]_CO[3])
                                                      0.526    24.431 r  u_core/cpu_inst/flag_reg_inst/of_count_reg[0]_i_3/CO[3]
                         net (fo=1, routed)           0.000    24.431    u_core/cpu_inst/flag_reg_inst/of_count_reg[0]_i_3_n_0
    SLICE_X58Y28         CARRY4 (Prop_carry4_CI_CO[3])
                                                      0.114    24.545 r  u_core/cpu_inst/flag_reg_inst/of_count_reg[4]_i_1/CO[3]
                         net (fo=1, routed)           0.000    24.545    u_core/cpu_inst/flag_reg_inst/of_count_reg[4]_i_1_n_0
    SLICE_X58Y29         CARRY4 (Prop_carry4_CI_CO[3])
                                                      0.114    24.659 r  u_core/cpu_inst/flag_reg_inst/of_count_reg[8]_i_1/CO[3]
                         net (fo=1, routed)           0.000    24.659    u_core/cpu_inst/flag_reg_inst/of_count_reg[8]_i_1_n_0
    SLICE_X58Y30         CARRY4 (Prop_carry4_CI_CO[3])
                                                      0.114    24.773 r  u_core/cpu_inst/flag_reg_inst/of_count_reg[12]_i_1/CO[3]
                         net (fo=1, routed)           0.000    24.773    u_core/cpu_inst/flag_reg_inst/of_count_reg[12]_i_1_n_0
    SLICE_X58Y31         CARRY4 (Prop_carry4_CI_CO[3])
                                                      0.114    24.887 r  u_core/cpu_inst/flag_reg_inst/of_count_reg[16]_i_1/CO[3]
                         net (fo=1, routed)           0.000    24.887    u_core/cpu_inst/flag_reg_inst/of_count_reg[16]_i_1_n_0
    SLICE_X58Y32         CARRY4 (Prop_carry4_CI_CO[3])
                                                      0.114    25.001 r  u_core/cpu_inst/flag_reg_inst/of_count_reg[20]_i_1/CO[3]
                         net (fo=1, routed)           0.000    25.001    u_core/cpu_inst/flag_reg_inst/of_count_reg[20]_i_1_n_0
    SLICE_X58Y33         CARRY4 (Prop_carry4_CI_CO[3])
                                                      0.114    25.115 r  u_core/cpu_inst/flag_reg_inst/of_count_reg[24]_i_1/CO[3]
                         net (fo=1, routed)           0.000    25.115    u_core/cpu_inst/flag_reg_inst/of_count_reg[24]_i_1_n_0
    SLICE_X58Y34         CARRY4 (Prop_carry4_CI_O[1])
                                                      0.334    25.449 r  u_core/cpu_inst/flag_reg_inst/of_count_reg[28]_i_1/O[1]
                         net (fo=1, routed)           0.000    25.449    u_core/cpu_inst/flag_reg_inst/of_count_reg[28]_i_1_n_6
    SLICE_X58Y34         FDRE                                         r  u_core/cpu_inst/flag_reg_inst/of_count_reg[29]/D
  -------------------------------------------------------------------    -------------------

                         (clock clk0 rise edge)      20.000    20.000 r  
    T5                                                0.000    20.000 r  sys_clk (IN)
                         net (fo=0)                   0.000    20.000    sys_clk
    T5                   IBUF (Prop_ibuf_I_O)         1.415    21.415 r  sys_clk_IBUF_inst/O
                         net (fo=1, routed)           1.162    22.577    u_clkgen/clk_in
    MMCME2_ADV_X1Y0      MMCME2_ADV (Prop_mmcme2_adv_CLKIN1_CLKOUT0)
                                                      0.083    22.660 r  u_clkgen/mmcm_inst/CLKOUT0
                         net (fo=1, routed)           1.581    24.241    u_clkgen/clk0
    BUFGCTRL_X0Y0        BUFG (Prop_bufg_I_O)         0.091    24.332 r  u_clkgen/bufg_50m/O
                         net (fo=1787, routed)        1.512    25.845    u_core/cpu_inst/flag_reg_inst/clk_out
    SLICE_X58Y34         FDRE                                         r  u_core/cpu_inst/flag_reg_inst/of_count_reg[29]/C
                         clock pessimism              0.312    26.157    
                         clock uncertainty           -0.082    26.075    
    SLICE_X58Y34         FDRE (Setup_fdre_C_D)        0.062    26.137    u_core/cpu_inst/flag_reg_inst/of_count_reg[29]
  -------------------------------------------------------------------
                         required time                         26.137    
                         arrival time                         -25.449    
  -------------------------------------------------------------------
                         slack                                  0.688    





Min Delay Paths
--------------------------------------------------------------------------------------
Slack (MET) :             0.109ns  (arrival time - required time)
  Source:                 u_core/cpu_inst/ex_mem_wdata_reg[31]/C
                            (rising edge-triggered cell FDRE clocked by clk0  {rise@0.000ns fall@10.000ns period=20.000ns})
  Destination:            u_core/cpu_inst/dm_inst/mem_reg_256_511_31_31/RAMS64E_D/I
                            (rising edge-triggered cell RAMS64E clocked by clk0  {rise@0.000ns fall@10.000ns period=20.000ns})
  Path Group:             clk0
  Path Type:              Hold (Min at Fast Process Corner)
  Requirement:            0.000ns  (clk0 rise@0.000ns - clk0 rise@0.000ns)
  Data Path Delay:        0.266ns  (logic 0.141ns (52.967%)  route 0.125ns (47.033%))
  Logic Levels:           0  
  Clock Path Skew:        0.013ns (DCD - SCD - CPR)
    Destination Clock Delay (DCD):    2.358ns
    Source Clock Delay      (SCD):    1.812ns
    Clock Pessimism Removal (CPR):    0.533ns

    Location             Delay type                Incr(ns)  Path(ns)    Netlist Resource(s)
  -------------------------------------------------------------------    -------------------
                         (clock clk0 rise edge)       0.000     0.000 r  
    T5                                                0.000     0.000 r  sys_clk (IN)
                         net (fo=0)                   0.000     0.000    sys_clk
    T5                   IBUF (Prop_ibuf_I_O)         0.254     0.254 r  sys_clk_IBUF_inst/O
                         net (fo=1, routed)           0.440     0.694    u_clkgen/clk_in
    MMCME2_ADV_X1Y0      MMCME2_ADV (Prop_mmcme2_adv_CLKIN1_CLKOUT0)
                                                      0.050     0.744 r  u_clkgen/mmcm_inst/CLKOUT0
                         net (fo=1, routed)           0.486     1.230    u_clkgen/clk0
    BUFGCTRL_X0Y0        BUFG (Prop_bufg_I_O)         0.026     1.256 r  u_clkgen/bufg_50m/O
                         net (fo=1787, routed)        0.557     1.812    u_core/cpu_inst/clk_out
    SLICE_X51Y29         FDRE                                         r  u_core/cpu_inst/ex_mem_wdata_reg[31]/C
  -------------------------------------------------------------------    -------------------
    SLICE_X51Y29         FDRE (Prop_fdre_C_Q)         0.141     1.953 r  u_core/cpu_inst/ex_mem_wdata_reg[31]/Q
                         net (fo=16, routed)          0.125     2.079    u_core/cpu_inst/dm_inst/mem_reg_256_511_31_31/D
    SLICE_X50Y28         RAMS64E                                      r  u_core/cpu_inst/dm_inst/mem_reg_256_511_31_31/RAMS64E_D/I
  -------------------------------------------------------------------    -------------------

                         (clock clk0 rise edge)       0.000     0.000 r  
    T5                                                0.000     0.000 r  sys_clk (IN)
                         net (fo=0)                   0.000     0.000    sys_clk
    T5                   IBUF (Prop_ibuf_I_O)         0.442     0.442 r  sys_clk_IBUF_inst/O
                         net (fo=1, routed)           0.480     0.922    u_clkgen/clk_in
    MMCME2_ADV_X1Y0      MMCME2_ADV (Prop_mmcme2_adv_CLKIN1_CLKOUT0)
                                                      0.053     0.975 r  u_clkgen/mmcm_inst/CLKOUT0
                         net (fo=1, routed)           0.530     1.504    u_clkgen/clk0
    BUFGCTRL_X0Y0        BUFG (Prop_bufg_I_O)         0.029     1.533 r  u_clkgen/bufg_50m/O
                         net (fo=1787, routed)        0.825     2.358    u_core/cpu_inst/dm_inst/mem_reg_256_511_31_31/WCLK
    SLICE_X50Y28         RAMS64E                                      r  u_core/cpu_inst/dm_inst/mem_reg_256_511_31_31/RAMS64E_D/CLK
                         clock pessimism             -0.533     1.825    
    SLICE_X50Y28         RAMS64E (Hold_rams64e_CLK_I)
                                                      0.144     1.969    u_core/cpu_inst/dm_inst/mem_reg_256_511_31_31/RAMS64E_D
  -------------------------------------------------------------------
                         required time                         -1.969    
                         arrival time                           2.079    
  -------------------------------------------------------------------
                         slack                                  0.109    





Pulse Width Checks
--------------------------------------------------------------------------------------
Clock Name:         clk0
Waveform(ns):       { 0.000 10.000 }
Period(ns):         20.000
Sources:            { u_clkgen/mmcm_inst/CLKOUT0 }

Check Type        Corner  Lib Pin             Reference Pin  Required(ns)  Actual(ns)  Slack(ns)  Location         Pin
Min Period        n/a     BUFG/I              n/a            2.155         20.000      17.845     BUFGCTRL_X0Y0    u_clkgen/bufg_50m/I
Max Period        n/a     MMCME2_ADV/CLKOUT0  n/a            213.360       20.000      193.360    MMCME2_ADV_X1Y0  u_clkgen/mmcm_inst/CLKOUT0
Low Pulse Width   Fast    RAMS64E/CLK         n/a            1.250         10.000      8.750      SLICE_X60Y27     u_core/cpu_inst/dm_inst/mem_reg_0_255_0_0/RAMS64E_A/CLK
High Pulse Width  Slow    RAMS64E/CLK         n/a            1.250         10.000      8.750      SLICE_X60Y27     u_core/cpu_inst/dm_inst/mem_reg_0_255_0_0/RAMS64E_A/CLK



---------------------------------------------------------------------------------------------------
From Clock:  clkfb
  To Clock:  clkfb

Setup :           NA  Failing Endpoints,  Worst Slack           NA  ,  Total Violation           NA
Hold  :           NA  Failing Endpoints,  Worst Slack           NA  ,  Total Violation           NA
PW    :            0  Failing Endpoints,  Worst Slack        8.751ns,  Total Violation        0.000ns
---------------------------------------------------------------------------------------------------


Pulse Width Checks
--------------------------------------------------------------------------------------
Clock Name:         clkfb
Waveform(ns):       { 0.000 5.000 }
Period(ns):         10.000
Sources:            { u_clkgen/mmcm_inst/CLKFBOUT }

Check Type  Corner  Lib Pin              Reference Pin  Required(ns)  Actual(ns)  Slack(ns)  Location         Pin
Min Period  n/a     MMCME2_ADV/CLKFBOUT  n/a            1.249         10.000      8.751      MMCME2_ADV_X1Y0  u_clkgen/mmcm_inst/CLKFBOUT
Max Period  n/a     MMCME2_ADV/CLKFBIN   n/a            100.000       10.000      90.000     MMCME2_ADV_X1Y0  u_clkgen/mmcm_inst/CLKFBIN



