Copyright 1986-2019 Xilinx, Inc. All Rights Reserved.
--------------------------------------------------------------------------------------------
| Tool Version : Vivado v.2019.2 (win64) Build 2708876 Wed Nov  6 21:40:23 MST 2019
| Date         : Thu Sep 17 16:06:16 2026
| Host         : LAPTOP-DQ5VL70C running 64-bit major release  (build 9200)
| Command      : report_timing_summary -file E:/VivadoProject/Lab2/scripts/synth_timing.rpt
| Design       : EES338Top
| Device       : 7a35t-csg324
| Speed File   : -1  PRODUCTION 1.23 2018-06-13
--------------------------------------------------------------------------------------------

Timing Summary Report

------------------------------------------------------------------------------------------------
| Timer Settings
| --------------
------------------------------------------------------------------------------------------------

  Enable Multi Corner Analysis               :  Yes
  Enable Pessimism Removal                   :  Yes
  Pessimism Removal Resolution               :  Nearest Common Node
  Enable Input Delay Default Clock           :  No
  Enable Preset / Clear Arcs                 :  No
  Disable Flight Delays                      :  No
  Ignore I/O Paths                           :  No
  Timing Early Launch at Borrowing Latches   :  No
  Borrow Time for Max Delay Exceptions       :  Yes
  Merge Timing Exceptions                    :  Yes

  Corner  Analyze    Analyze    
  Name    Max Paths  Min Paths  
  ------  ---------  ---------  
  Slow    Yes        Yes        
  Fast    Yes        Yes        



check_timing report

Table of Contents
-----------------
1. checking no_clock
2. checking constant_clock
3. checking pulse_width_clock
4. checking unconstrained_internal_endpoints
5. checking no_input_delay
6. checking no_output_delay
7. checking multiple_clock
8. checking generated_clocks
9. checking loops
10. checking partial_input_delay
11. checking partial_output_delay
12. checking latch_loops

1. checking no_clock
--------------------
 There are 0 register/latch pins with no clock.


2. checking constant_clock
--------------------------
 There are 0 register/latch pins with constant_clock.


3. checking pulse_width_clock
-----------------------------
 There are 0 register/latch pins which need pulse_width check


4. checking unconstrained_internal_endpoints
--------------------------------------------
 There are 0 pins that are not constrained for maximum delay.

 There are 0 pins that are not constrained for maximum delay due to constant clock.


5. checking no_input_delay
--------------------------
 There are 11 input ports with no input delay specified. (HIGH)

 There are 0 input ports with no input delay but user has a false path constraint.


6. checking no_output_delay
---------------------------
 There are 45 ports with no output delay specified. (HIGH)

 There are 0 ports with no output delay but user has a false path constraint

 There are 0 ports with no output delay but with a timing clock defined on it or propagating through it


7. checking multiple_clock
--------------------------
 There are 0 register/latch pins with multiple clocks.


8. checking generated_clocks
----------------------------
 There are 0 generated clocks that are not connected to a clock source.


9. checking loops
-----------------
 There are 0 combinational loops in the design.


10. checking partial_input_delay
--------------------------------
 There are 0 input ports with partial input delay specified.


11. checking partial_output_delay
---------------------------------
 There are 0 ports with partial output delay specified.


12. checking latch_loops
------------------------
 There are 0 combinational latch loops in the design through latch input



------------------------------------------------------------------------------------------------
| Design Timing Summary
| ---------------------
------------------------------------------------------------------------------------------------

    WNS(ns)      TNS(ns)  TNS Failing Endpoints  TNS Total Endpoints      WHS(ns)      THS(ns)  THS Failing Endpoints  THS Total Endpoints     WPWS(ns)     TPWS(ns)  TPWS Failing Endpoints  TPWS Total Endpoints  
    -------      -------  ---------------------  -------------------      -------      -------  ---------------------  -------------------     --------     --------  ----------------------  --------------------  
      1.073        0.000                      0                 8946        0.076        0.000                      0                 8946        3.000        0.000                       0                  1788  


All user specified timing constraints are met.


------------------------------------------------------------------------------------------------
| Clock Summary
| -------------
------------------------------------------------------------------------------------------------

Clock    Waveform(ns)       Period(ns)      Frequency(MHz)
-----    ------------       ----------      --------------
sys_clk  {0.000 5.000}      10.000          100.000         
  clk0   {0.000 10.000}     20.000          50.000          
  clkfb  {0.000 5.000}      10.000          100.000         


------------------------------------------------------------------------------------------------
| Intra Clock Table
| -----------------
------------------------------------------------------------------------------------------------

Clock             WNS(ns)      TNS(ns)  TNS Failing Endpoints  TNS Total Endpoints      WHS(ns)      THS(ns)  THS Failing Endpoints  THS Total Endpoints     WPWS(ns)     TPWS(ns)  TPWS Failing Endpoints  TPWS Total Endpoints  
-----             -------      -------  ---------------------  -------------------      -------      -------  ---------------------  -------------------     --------     --------  ----------------------  --------------------  
sys_clk                                                                                                                                                         3.000        0.000                       0                     1  
  clk0              1.073        0.000                      0                 8946        0.076        0.000                      0                 8946        8.750        0.000                       0                  1785  
  clkfb                                                                                                                                                         8.751        0.000                       0                     2  


------------------------------------------------------------------------------------------------
| Inter Clock Table
| -----------------
------------------------------------------------------------------------------------------------

From Clock    To Clock          WNS(ns)      TNS(ns)  TNS Failing Endpoints  TNS Total Endpoints      WHS(ns)      THS(ns)  THS Failing Endpoints  THS Total Endpoints  
----------    --------          -------      -------  ---------------------  -------------------      -------      -------  ---------------------  -------------------  


------------------------------------------------------------------------------------------------
| Other Path Groups Table
| -----------------------
------------------------------------------------------------------------------------------------

Path Group    From Clock    To Clock          WNS(ns)      TNS(ns)  TNS Failing Endpoints  TNS Total Endpoints      WHS(ns)      THS(ns)  THS Failing Endpoints  THS Total Endpoints  
----------    ----------    --------          -------      -------  ---------------------  -------------------      -------      -------  ---------------------  -------------------  


------------------------------------------------------------------------------------------------
| Timing Details
| --------------
------------------------------------------------------------------------------------------------


---------------------------------------------------------------------------------------------------
From Clock:  sys_clk
  To Clock:  sys_clk

Setup :           NA  Failing Endpoints,  Worst Slack           NA  ,  Total Violation           NA
Hold  :           NA  Failing Endpoints,  Worst Slack           NA  ,  Total Violation           NA
PW    :            0  Failing Endpoints,  Worst Slack        3.000ns,  Total Violation        0.000ns
---------------------------------------------------------------------------------------------------


Pulse Width Checks
--------------------------------------------------------------------------------------
Clock Name:         sys_clk
Waveform(ns):       { 0.000 5.000 }
Period(ns):         10.000
Sources:            { sys_clk }

Check Type        Corner  Lib Pin            Reference Pin  Required(ns)  Actual(ns)  Slack(ns)  Location  Pin
Min Period        n/a     MMCME2_ADV/CLKIN1  n/a            1.249         10.000      8.751                u_clkgen/mmcm_inst/CLKIN1
Max Period        n/a     MMCME2_ADV/CLKIN1  n/a            100.000       10.000      90.000               u_clkgen/mmcm_inst/CLKIN1
Low Pulse Width   Slow    MMCME2_ADV/CLKIN1  n/a            2.000         5.000       3.000                u_clkgen/mmcm_inst/CLKIN1
High Pulse Width  Slow    MMCME2_ADV/CLKIN1  n/a            2.000         5.000       3.000                u_clkgen/mmcm_inst/CLKIN1



---------------------------------------------------------------------------------------------------
From Clock:  clk0
  To Clock:  clk0

Setup :            0  Failing Endpoints,  Worst Slack        1.073ns,  Total Violation        0.000ns
Hold  :            0  Failing Endpoints,  Worst Slack        0.076ns,  Total Violation        0.000ns
PW    :            0  Failing Endpoints,  Worst Slack        8.750ns,  Total Violation        0.000ns
---------------------------------------------------------------------------------------------------


Max Delay Paths
--------------------------------------------------------------------------------------
Slack (MET) :             1.073ns  (required time - arrival time)
  Source:                 u_core/cpu_inst/mem_wb_rd_r_reg[1]/C
                            (rising edge-triggered cell FDRE clocked by clk0  {rise@0.000ns fall@10.000ns period=20.000ns})
  Destination:            u_core/cpu_inst/flag_reg_inst/of_count_reg[29]/D
                            (rising edge-triggered cell FDRE clocked by clk0  {rise@0.000ns fall@10.000ns period=20.000ns})
  Path Group:             clk0
  Path Type:              Setup (Max at Slow Process Corner)
  Requirement:            20.000ns  (clk0 rise@20.000ns - clk0 rise@0.000ns)
  Data Path Delay:        18.762ns  (logic 11.586ns (61.751%)  route 7.176ns (38.249%))
  Logic Levels:           31  (CARRY4=20 DSP48E1=2 LUT1=1 LUT2=1 LUT3=1 LUT4=1 LUT5=4 LUT6=1)
  Clock Path Skew:        -0.145ns (DCD - SCD + CPR)
    Destination Clock Delay (DCD):    3.227ns = ( 23.227 - 20.000 ) 
    Source Clock Delay      (SCD):    3.638ns
    Clock Pessimism Removal (CPR):    0.266ns
  Clock Uncertainty:      0.082ns  ((TSJ^2 + DJ^2)^1/2) / 2 + PE
    Total System Jitter     (TSJ):    0.071ns
    Discrete Jitter          (DJ):    0.147ns
    Phase Error              (PE):    0.000ns

    Location             Delay type                Incr(ns)  Path(ns)    Netlist Resource(s)
  -------------------------------------------------------------------    -------------------
                         (clock clk0 rise edge)       0.000     0.000 r  
    T5                                                0.000     0.000 r  sys_clk (IN)
                         net (fo=0)                   0.000     0.000    sys_clk
    T5                   IBUF (Prop_ibuf_I_O)         1.486     1.486 r  sys_clk_IBUF_inst/O
                         net (fo=1, unplaced)         0.584     2.070    u_clkgen/clk_in
                         MMCME2_ADV (Prop_mmcme2_adv_CLKIN1_CLKOUT0)
                                                      0.088     2.158 r  u_clkgen/mmcm_inst/CLKOUT0
                         net (fo=1, unplaced)         0.800     2.958    u_clkgen/clk0
                         BUFG (Prop_bufg_I_O)         0.096     3.054 r  u_clkgen/bufg_50m/O
                         net (fo=1783, unplaced)      0.584     3.638    u_core/cpu_inst/clk_out
                         FDRE                                         r  u_core/cpu_inst/mem_wb_rd_r_reg[1]/C
  -------------------------------------------------------------------    -------------------
                         FDRE (Prop_fdre_C_Q)         0.456     4.094 r  u_core/cpu_inst/mem_wb_rd_r_reg[1]/Q
                         net (fo=102, unplaced)       0.906     5.000    u_core/cpu_inst/pc_inst/mul_ss_i_65_0[1]
                         LUT5 (Prop_lut5_I0_O)        0.295     5.295 r  u_core/cpu_inst/pc_inst/ex_mem_wdata[4]_i_7/O
                         net (fo=2, unplaced)         0.913     6.208    u_core/cpu_inst/pc_inst/ex_mem_wdata[4]_i_7_n_0
                         LUT5 (Prop_lut5_I2_O)        0.124     6.332 r  u_core/cpu_inst/pc_inst/mul_ss_i_65/O
                         net (fo=34, unplaced)        0.522     6.854    u_core/cpu_inst/pc_inst/mem_wb_reg_we_r_reg_0
                         LUT5 (Prop_lut5_I4_O)        0.124     6.978 f  u_core/cpu_inst/pc_inst/mul_ss__1_i_46/O
                         net (fo=4, unplaced)         0.473     7.451    u_core/cpu_inst/flag_reg_inst/cquo_reg[0]
                         LUT3 (Prop_lut3_I0_O)        0.124     7.575 f  u_core/cpu_inst/flag_reg_inst/mul_ss__1_i_34/O
                         net (fo=22, unplaced)        0.511     8.086    u_core/cpu_inst/alu_inst/mul_ss__1_2
                         LUT1 (Prop_lut1_I0_O)        0.124     8.210 r  u_core/cpu_inst/alu_inst/mul_ss__1_i_17/O
                         net (fo=7, unplaced)         0.800     9.009    u_core/cpu_inst/alu_inst/alu_src1[0]
                         DSP48E1 (Prop_dsp48e1_A[0]_PCOUT[47])
                                                      4.036    13.045 r  u_core/cpu_inst/alu_inst/mul_ss__1/PCOUT[47]
                         net (fo=1, unplaced)         0.055    13.100    u_core/cpu_inst/alu_inst/mul_ss__1_n_106
                         DSP48E1 (Prop_dsp48e1_PCIN[47]_P[0])
                                                      1.518    14.618 r  u_core/cpu_inst/alu_inst/mul_ss__2/P[0]
                         net (fo=2, unplaced)         0.800    15.418    u_core/cpu_inst/alu_inst/mul_ss__2_n_105
                         LUT2 (Prop_lut2_I0_O)        0.124    15.542 r  u_core/cpu_inst/alu_inst/mul_ss_carry_i_3/O
                         net (fo=1, unplaced)         0.000    15.542    u_core/cpu_inst/alu_inst/mul_ss_carry_i_3_n_0
                         CARRY4 (Prop_carry4_S[1]_CO[3])
                                                      0.550    16.092 r  u_core/cpu_inst/alu_inst/mul_ss_carry/CO[3]
                         net (fo=1, unplaced)         0.009    16.101    u_core/cpu_inst/alu_inst/mul_ss_carry_n_0
                         CARRY4 (Prop_carry4_CI_CO[3])
                                                      0.114    16.215 r  u_core/cpu_inst/alu_inst/mul_ss_carry__0/CO[3]
                         net (fo=1, unplaced)         0.000    16.215    u_core/cpu_inst/alu_inst/mul_ss_carry__0_n_0
                         CARRY4 (Prop_carry4_CI_CO[3])
                                                      0.114    16.329 r  u_core/cpu_inst/alu_inst/mul_ss_carry__1/CO[3]
                         net (fo=1, unplaced)         0.000    16.329    u_core/cpu_inst/alu_inst/mul_ss_carry__1_n_0
                         CARRY4 (Prop_carry4_CI_CO[3])
                                                      0.114    16.443 r  u_core/cpu_inst/alu_inst/mul_ss_carry__2/CO[3]
                         net (fo=1, unplaced)         0.000    16.443    u_core/cpu_inst/alu_inst/mul_ss_carry__2_n_0
                         CARRY4 (Prop_carry4_CI_CO[3])
                                                      0.114    16.557 r  u_core/cpu_inst/alu_inst/mul_ss_carry__3/CO[3]
                         net (fo=1, unplaced)         0.000    16.557    u_core/cpu_inst/alu_inst/mul_ss_carry__3_n_0
                         CARRY4 (Prop_carry4_CI_CO[3])
                                                      0.114    16.671 r  u_core/cpu_inst/alu_inst/mul_ss_carry__4/CO[3]
                         net (fo=1, unplaced)         0.000    16.671    u_core/cpu_inst/alu_inst/mul_ss_carry__4_n_0
                         CARRY4 (Prop_carry4_CI_CO[3])
                                                      0.114    16.785 r  u_core/cpu_inst/alu_inst/mul_ss_carry__5/CO[3]
                         net (fo=1, unplaced)         0.000    16.785    u_core/cpu_inst/alu_inst/mul_ss_carry__5_n_0
                         CARRY4 (Prop_carry4_CI_CO[3])
                                                      0.114    16.899 r  u_core/cpu_inst/alu_inst/mul_ss_carry__6/CO[3]
                         net (fo=1, unplaced)         0.000    16.899    u_core/cpu_inst/alu_inst/mul_ss_carry__6_n_0
                         CARRY4 (Prop_carry4_CI_CO[3])
                                                      0.114    17.013 r  u_core/cpu_inst/alu_inst/mul_ss_carry__7/CO[3]
                         net (fo=1, unplaced)         0.000    17.013    u_core/cpu_inst/alu_inst/mul_ss_carry__7_n_0
                         CARRY4 (Prop_carry4_CI_CO[3])
                                                      0.114    17.127 r  u_core/cpu_inst/alu_inst/mul_ss_carry__8/CO[3]
                         net (fo=1, unplaced)         0.000    17.127    u_core/cpu_inst/alu_inst/mul_ss_carry__8_n_0
                         CARRY4 (Prop_carry4_CI_O[2])
                                                      0.256    17.383 r  u_core/cpu_inst/alu_inst/mul_ss_carry__9/O[2]
                         net (fo=2, unplaced)         0.916    18.299    u_core/cpu_inst/alu_inst/p_1_in[26]
                         LUT4 (Prop_lut4_I0_O)        0.301    18.600 r  u_core/cpu_inst/alu_inst/i__carry__1_i_3/O
                         net (fo=1, unplaced)         0.000    18.600    u_core/cpu_inst/alu_inst/i__carry__1_i_3_n_0
                         CARRY4 (Prop_carry4_S[0]_CO[2])
                                                      0.536    19.136 r  u_core/cpu_inst/alu_inst/overflow0_inferred__1/i__carry__1/CO[2]
                         net (fo=1, unplaced)         0.452    19.588    u_core/cpu_inst/alu_inst/data2
                         LUT6 (Prop_lut6_I3_O)        0.310    19.898 r  u_core/cpu_inst/alu_inst/flags[4]_i_4/O
                         net (fo=3, unplaced)         0.467    20.365    u_core/cpu_inst/alu_inst/flags[4]_i_4_n_0
                         LUT5 (Prop_lut5_I4_O)        0.124    20.489 r  u_core/cpu_inst/alu_inst/flags[3]_i_1/O
                         net (fo=2, unplaced)         0.344    20.833    u_core/cpu_inst/flag_reg_inst/flags_reg[3]_4[0]
                         CARRY4 (Prop_carry4_DI[0]_CO[3])
                                                      0.526    21.359 r  u_core/cpu_inst/flag_reg_inst/of_count_reg[0]_i_3/CO[3]
                         net (fo=1, unplaced)         0.009    21.368    u_core/cpu_inst/flag_reg_inst/of_count_reg[0]_i_3_n_0
                         CARRY4 (Prop_carry4_CI_CO[3])
                                                      0.114    21.482 r  u_core/cpu_inst/flag_reg_inst/of_count_reg[4]_i_1/CO[3]
                         net (fo=1, unplaced)         0.000    21.482    u_core/cpu_inst/flag_reg_inst/of_count_reg[4]_i_1_n_0
                         CARRY4 (Prop_carry4_CI_CO[3])
                                                      0.114    21.596 r  u_core/cpu_inst/flag_reg_inst/of_count_reg[8]_i_1/CO[3]
                         net (fo=1, unplaced)         0.000    21.596    u_core/cpu_inst/flag_reg_inst/of_count_reg[8]_i_1_n_0
                         CARRY4 (Prop_carry4_CI_CO[3])
                                                      0.114    21.710 r  u_core/cpu_inst/flag_reg_inst/of_count_reg[12]_i_1/CO[3]
                         net (fo=1, unplaced)         0.000    21.710    u_core/cpu_inst/flag_reg_inst/of_count_reg[12]_i_1_n_0
                         CARRY4 (Prop_carry4_CI_CO[3])
                                                      0.114    21.824 r  u_core/cpu_inst/flag_reg_inst/of_count_reg[16]_i_1/CO[3]
                         net (fo=1, unplaced)         0.000    21.824    u_core/cpu_inst/flag_reg_inst/of_count_reg[16]_i_1_n_0
                         CARRY4 (Prop_carry4_CI_CO[3])
                                                      0.114    21.938 r  u_core/cpu_inst/flag_reg_inst/of_count_reg[20]_i_1/CO[3]
                         net (fo=1, unplaced)         0.000    21.938    u_core/cpu_inst/flag_reg_inst/of_count_reg[20]_i_1_n_0
                         CARRY4 (Prop_carry4_CI_CO[3])
                                                      0.114    22.052 r  u_core/cpu_inst/flag_reg_inst/of_count_reg[24]_i_1/CO[3]
                         net (fo=1, unplaced)         0.000    22.052    u_core/cpu_inst/flag_reg_inst/of_count_reg[24]_i_1_n_0
                         CARRY4 (Prop_carry4_CI_O[1])
                                                      0.348    22.400 r  u_core/cpu_inst/flag_reg_inst/of_count_reg[28]_i_1/O[1]
                         net (fo=1, unplaced)         0.000    22.400    u_core/cpu_inst/flag_reg_inst/of_count_reg[28]_i_1_n_6
                         FDRE                                         r  u_core/cpu_inst/flag_reg_inst/of_count_reg[29]/D
  -------------------------------------------------------------------    -------------------

                         (clock clk0 rise edge)      20.000    20.000 r  
    T5                                                0.000    20.000 r  sys_clk (IN)
                         net (fo=0)                   0.000    20.000    sys_clk
    T5                   IBUF (Prop_ibuf_I_O)         1.415    21.415 r  sys_clk_IBUF_inst/O
                         net (fo=1, unplaced)         0.439    21.854    u_clkgen/clk_in
                         MMCME2_ADV (Prop_mmcme2_adv_CLKIN1_CLKOUT0)
                                                      0.083    21.937 r  u_clkgen/mmcm_inst/CLKOUT0
                         net (fo=1, unplaced)         0.760    22.697    u_clkgen/clk0
                         BUFG (Prop_bufg_I_O)         0.091    22.788 r  u_clkgen/bufg_50m/O
                         net (fo=1783, unplaced)      0.439    23.227    u_core/cpu_inst/flag_reg_inst/clk_out
                         FDRE                                         r  u_core/cpu_inst/flag_reg_inst/of_count_reg[29]/C
                         clock pessimism              0.266    23.493    
                         clock uncertainty           -0.082    23.411    
                         FDRE (Setup_fdre_C_D)        0.062    23.473    u_core/cpu_inst/flag_reg_inst/of_count_reg[29]
  -------------------------------------------------------------------
                         required time                         23.473    
                         arrival time                         -22.400    
  -------------------------------------------------------------------
                         slack                                  1.073    





Min Delay Paths
--------------------------------------------------------------------------------------
Slack (MET) :             0.076ns  (arrival time - required time)
  Source:                 u_core/periph_inst/u_timer/value_reg[17]/C
                            (rising edge-triggered cell FDRE clocked by clk0  {rise@0.000ns fall@10.000ns period=20.000ns})
  Destination:            u_core/periph_inst/u_timer/value_reg[18]/D
                            (rising edge-triggered cell FDRE clocked by clk0  {rise@0.000ns fall@10.000ns period=20.000ns})
  Path Group:             clk0
  Path Type:              Hold (Min at Fast Process Corner)
  Requirement:            0.000ns  (clk0 rise@0.000ns - clk0 rise@0.000ns)
  Data Path Delay:        0.326ns  (logic 0.235ns (72.075%)  route 0.091ns (27.925%))
  Logic Levels:           1  (CARRY4=1)
  Clock Path Skew:        0.145ns (DCD - SCD - CPR)
    Destination Clock Delay (DCD):    1.396ns
    Source Clock Delay      (SCD):    0.895ns
    Clock Pessimism Removal (CPR):    0.357ns

    Location             Delay type                Incr(ns)  Path(ns)    Netlist Resource(s)
  -------------------------------------------------------------------    -------------------
                         (clock clk0 rise edge)       0.000     0.000 r  
    T5                                                0.000     0.000 r  sys_clk (IN)
                         net (fo=0)                   0.000     0.000    sys_clk
    T5                   IBUF (Prop_ibuf_I_O)         0.254     0.254 r  sys_clk_IBUF_inst/O
                         net (fo=1, unplaced)         0.114     0.368    u_clkgen/clk_in
                         MMCME2_ADV (Prop_mmcme2_adv_CLKIN1_CLKOUT0)
                                                      0.050     0.418 r  u_clkgen/mmcm_inst/CLKOUT0
                         net (fo=1, unplaced)         0.337     0.755    u_clkgen/clk0
                         BUFG (Prop_bufg_I_O)         0.026     0.781 r  u_clkgen/bufg_50m/O
                         net (fo=1783, unplaced)      0.114     0.895    u_core/periph_inst/u_timer/clk_out
                         FDRE                                         r  u_core/periph_inst/u_timer/value_reg[17]/C
  -------------------------------------------------------------------    -------------------
                         FDRE (Prop_fdre_C_Q)         0.141     1.036 r  u_core/periph_inst/u_timer/value_reg[17]/Q
                         net (fo=4, unplaced)         0.091     1.127    u_core/periph_inst/u_timer/Q[17]
                         CARRY4 (Prop_carry4_DI[0]_O[1])
                                                      0.094     1.221 r  u_core/periph_inst/u_timer/value0_carry__3/O[1]
                         net (fo=1, unplaced)         0.000     1.221    u_core/periph_inst/u_timer/value0_carry__3_n_6
                         FDRE                                         r  u_core/periph_inst/u_timer/value_reg[18]/D
  -------------------------------------------------------------------    -------------------

                         (clock clk0 rise edge)       0.000     0.000 r  
    T5                                                0.000     0.000 r  sys_clk (IN)
                         net (fo=0)                   0.000     0.000    sys_clk
    T5                   IBUF (Prop_ibuf_I_O)         0.442     0.442 r  sys_clk_IBUF_inst/O
                         net (fo=1, unplaced)         0.259     0.701    u_clkgen/clk_in
                         MMCME2_ADV (Prop_mmcme2_adv_CLKIN1_CLKOUT0)
                                                      0.053     0.754 r  u_clkgen/mmcm_inst/CLKOUT0
                         net (fo=1, unplaced)         0.355     1.108    u_clkgen/clk0
                         BUFG (Prop_bufg_I_O)         0.029     1.137 r  u_clkgen/bufg_50m/O
                         net (fo=1783, unplaced)      0.259     1.396    u_core/periph_inst/u_timer/clk_out
                         FDRE                                         r  u_core/periph_inst/u_timer/value_reg[18]/C
                         clock pessimism             -0.357     1.040    
                         FDRE (Hold_fdre_C_D)         0.105     1.145    u_core/periph_inst/u_timer/value_reg[18]
  -------------------------------------------------------------------
                         required time                         -1.145    
                         arrival time                           1.221    
  -------------------------------------------------------------------
                         slack                                  0.076    





Pulse Width Checks
--------------------------------------------------------------------------------------
Clock Name:         clk0
Waveform(ns):       { 0.000 10.000 }
Period(ns):         20.000
Sources:            { u_clkgen/mmcm_inst/CLKOUT0 }

Check Type        Corner  Lib Pin             Reference Pin  Required(ns)  Actual(ns)  Slack(ns)  Location  Pin
Min Period        n/a     BUFG/I              n/a            2.155         20.000      17.845               u_clkgen/bufg_50m/I
Max Period        n/a     MMCME2_ADV/CLKOUT0  n/a            213.360       20.000      193.360              u_clkgen/mmcm_inst/CLKOUT0
Low Pulse Width   Fast    RAMS64E/CLK         n/a            1.250         10.000      8.750                u_core/cpu_inst/dm_inst/mem_reg_0_255_0_0/RAMS64E_A/CLK
High Pulse Width  Slow    RAMS64E/CLK         n/a            1.250         10.000      8.750                u_core/cpu_inst/dm_inst/mem_reg_0_255_0_0/RAMS64E_A/CLK



---------------------------------------------------------------------------------------------------
From Clock:  clkfb
  To Clock:  clkfb

Setup :           NA  Failing Endpoints,  Worst Slack           NA  ,  Total Violation           NA
Hold  :           NA  Failing Endpoints,  Worst Slack           NA  ,  Total Violation           NA
PW    :            0  Failing Endpoints,  Worst Slack        8.751ns,  Total Violation        0.000ns
---------------------------------------------------------------------------------------------------


Pulse Width Checks
--------------------------------------------------------------------------------------
Clock Name:         clkfb
Waveform(ns):       { 0.000 5.000 }
Period(ns):         10.000
Sources:            { u_clkgen/mmcm_inst/CLKFBOUT }

Check Type  Corner  Lib Pin              Reference Pin  Required(ns)  Actual(ns)  Slack(ns)  Location  Pin
Min Period  n/a     MMCME2_ADV/CLKFBOUT  n/a            1.249         10.000      8.751                u_clkgen/mmcm_inst/CLKFBOUT
Max Period  n/a     MMCME2_ADV/CLKFBIN   n/a            100.000       10.000      90.000               u_clkgen/mmcm_inst/CLKFBIN



